mode: set
gopherledger/internal/auth/auth.go:27.50,30.40 2 0
gopherledger/internal/auth/auth.go:30.40,32.3 1 0
gopherledger/internal/auth/auth.go:34.2,40.19 5 0
gopherledger/internal/auth/auth.go:45.49,50.13 4 0
gopherledger/internal/auth/auth.go:50.13,52.3 1 0
gopherledger/internal/auth/auth.go:54.2,54.20 1 0
gopherledger/cmd/server/main.go:31.13,33.16 2 0
gopherledger/cmd/server/main.go:33.16,35.3 1 0
gopherledger/cmd/server/main.go:37.2,59.12 10 0
gopherledger/cmd/server/main.go:59.12,61.80 2 0
gopherledger/cmd/server/main.go:61.80,63.4 1 0
gopherledger/cmd/server/main.go:66.2,75.53 7 0
gopherledger/cmd/server/main.go:75.53,77.3 1 0
gopherledger/internal/config/config.go:24.30,34.16 3 0
gopherledger/internal/config/config.go:34.16,35.37 1 0
gopherledger/internal/config/config.go:35.37,37.4 1 0
gopherledger/internal/config/config.go:38.3,38.18 1 0
gopherledger/internal/config/config.go:41.2,41.50 1 0
gopherledger/internal/config/config.go:41.50,43.3 1 0
gopherledger/internal/config/config.go:45.2,45.26 1 0
gopherledger/internal/config/config.go:45.26,47.3 1 0
gopherledger/internal/config/config.go:49.2,49.25 1 0
gopherledger/internal/config/config.go:49.25,51.3 1 0
gopherledger/internal/config/config.go:53.2,53.24 1 0
gopherledger/internal/config/config.go:53.24,55.3 1 0
gopherledger/internal/config/config.go:57.2,57.37 1 0
gopherledger/internal/config/config.go:57.37,59.3 1 0
gopherledger/internal/config/config.go:61.2,61.32 1 0
gopherledger/internal/config/config.go:61.32,63.3 1 0
gopherledger/internal/config/config.go:65.2,65.17 1 0
gopherledger/internal/router/router.go:27.43,41.2 10 0
gopherledger/internal/middleware/middleware.go:24.32,25.17 1 0
gopherledger/internal/middleware/middleware.go:25.17,28.3 2 0
gopherledger/internal/middleware/middleware.go:29.2,29.18 1 0
gopherledger/internal/middleware/middleware.go:32.78,38.17 3 0
gopherledger/internal/middleware/middleware.go:38.17,40.3 1 0
gopherledger/internal/middleware/middleware.go:51.43,52.71 1 0
gopherledger/internal/middleware/middleware.go:52.71,54.18 2 0
gopherledger/internal/middleware/middleware.go:54.18,57.4 2 0
gopherledger/internal/middleware/middleware.go:59.3,60.17 2 0
gopherledger/internal/middleware/middleware.go:60.17,63.4 2 0
gopherledger/internal/middleware/middleware.go:65.3,66.40 2 0
gopherledger/internal/middleware/middleware.go:77.51,80.2 2 0
gopherledger/internal/middleware/middleware.go:82.56,83.20 1 0
gopherledger/internal/middleware/middleware.go:83.20,85.3 1 0
gopherledger/internal/middleware/middleware.go:86.2,86.35 1 0
gopherledger/internal/middleware/middleware.go:95.46,96.71 1 0
gopherledger/internal/middleware/middleware.go:96.71,102.22 4 0
gopherledger/internal/middleware/middleware.go:102.22,104.4 1 0
gopherledger/internal/middleware/middleware.go:106.3,107.26 2 0
gopherledger/internal/middleware/middleware.go:107.26,111.4 2 0
gopherledger/internal/middleware/middleware.go:113.3,114.47 1 0
gopherledger/internal/middleware/middleware.go:124.46,125.71 1 0
gopherledger/internal/middleware/middleware.go:125.71,126.16 1 0
gopherledger/internal/middleware/middleware.go:126.16,127.36 1 0
gopherledger/internal/middleware/middleware.go:127.36,130.5 2 0
gopherledger/internal/middleware/middleware.go:133.3,133.23 1 0
gopherledger/internal/service/service.go:49.90,50.26 1 1
gopherledger/internal/service/service.go:50.26,52.3 1 0
gopherledger/internal/service/service.go:53.2,53.28 1 1
gopherledger/internal/service/service.go:53.28,55.3 1 0
gopherledger/internal/service/service.go:57.2,62.3 1 1
gopherledger/internal/service/service.go:71.72,76.16 4 1
gopherledger/internal/service/service.go:76.16,78.3 1 1
gopherledger/internal/service/service.go:80.2,81.16 2 1
gopherledger/internal/service/service.go:81.16,83.3 1 0
gopherledger/internal/service/service.go:85.2,85.19 1 1
gopherledger/internal/service/service.go:89.69,91.16 2 1
gopherledger/internal/service/service.go:91.16,93.3 1 1
gopherledger/internal/service/service.go:95.2,98.39 3 1
gopherledger/internal/service/service.go:98.39,100.3 1 1
gopherledger/internal/service/service.go:102.2,103.16 2 1
gopherledger/internal/service/service.go:103.16,105.3 1 0
gopherledger/internal/service/service.go:107.2,107.19 1 1
gopherledger/internal/service/service.go:111.83,112.27 1 1
gopherledger/internal/service/service.go:112.27,114.3 1 1
gopherledger/internal/service/service.go:116.2,116.43 1 1
gopherledger/internal/service/service.go:120.71,122.2 1 0
gopherledger/internal/service/service.go:125.68,127.2 1 0
gopherledger/internal/service/service.go:130.81,131.32 1 1
gopherledger/internal/service/service.go:131.32,133.3 1 1
gopherledger/internal/service/service.go:135.2,135.50 1 1
gopherledger/internal/service/service.go:139.77,141.2 1 0
gopherledger/internal/service/service.go:144.56,146.2 1 0
gopherledger/internal/service/service.go:149.58,151.2 1 0
gopherledger/internal/service/service.go:154.68,156.2 1 0
gopherledger/internal/service/service.go:160.39,161.18 1 1
gopherledger/internal/service/service.go:161.18,163.3 1 0
gopherledger/internal/service/service.go:165.2,168.40 3 1
gopherledger/internal/service/service.go:168.40,171.29 2 1
gopherledger/internal/service/service.go:171.29,173.4 1 0
gopherledger/internal/service/service.go:175.3,175.13 1 1
gopherledger/internal/service/service.go:175.13,177.17 2 1
gopherledger/internal/service/service.go:177.17,179.5 1 1
gopherledger/internal/service/service.go:182.3,183.19 2 1
gopherledger/internal/service/service.go:186.2,186.20 1 1
gopherledger/internal/service/service.go:202.59,206.6 3 0
gopherledger/internal/service/service.go:206.6,207.10 1 0
gopherledger/internal/service/service.go:208.21,209.10 1 0
gopherledger/internal/service/service.go:210.19,211.34 1 0
gopherledger/internal/service/service.go:218.64,220.16 2 0
gopherledger/internal/service/service.go:220.16,223.3 2 0
gopherledger/internal/service/service.go:225.2,228.31 3 0
gopherledger/internal/service/service.go:228.31,230.39 2 0
gopherledger/internal/service/service.go:230.39,232.12 2 0
gopherledger/internal/service/service.go:234.3,242.13 6 0
gopherledger/internal/service/service.go:242.13,244.17 2 0
gopherledger/internal/service/service.go:244.17,244.26 1 0
gopherledger/internal/service/service.go:246.4,246.31 1 0
gopherledger/internal/service/service.go:250.2,250.11 1 0
gopherledger/internal/service/service.go:255.68,256.15 1 0
gopherledger/internal/service/service.go:256.15,260.3 3 0
gopherledger/internal/service/service.go:262.2,262.90 1 0
gopherledger/internal/service/service.go:262.90,265.3 2 0
gopherledger/internal/service/service.go:267.2,267.9 1 0
gopherledger/internal/service/service.go:268.20,269.9 1 0
gopherledger/internal/service/service.go:270.35,270.35 0 0
gopherledger/internal/service/service.go:273.2,273.17 1 0
gopherledger/internal/service/service.go:273.17,274.88 1 0
gopherledger/internal/service/service.go:274.88,276.4 1 0
gopherledger/internal/service/service.go:277.3,277.9 1 0
gopherledger/internal/service/service.go:280.2,281.95 2 0
gopherledger/internal/service/service.go:281.95,283.3 1 0
gopherledger/internal/service/service.go:291.30,293.2 1 0
gopherledger/internal/service/service.go:296.34,298.2 1 0
gopherledger/internal/service/service.go:301.23,303.2 1 0
gopherledger/internal/handler/handler.go:75.32,77.2 1 1
gopherledger/internal/handler/handler.go:87.93,88.24 1 1
gopherledger/internal/handler/handler.go:88.24,90.3 1 1
gopherledger/internal/handler/handler.go:91.2,99.56 4 1
gopherledger/internal/handler/handler.go:99.56,101.3 1 0
gopherledger/internal/handler/handler.go:105.58,108.53 3 1
gopherledger/internal/handler/handler.go:108.53,110.3 1 0
gopherledger/internal/handler/handler.go:121.68,123.61 2 1
gopherledger/internal/handler/handler.go:123.61,126.3 2 0
gopherledger/internal/handler/handler.go:128.2,128.43 1 1
gopherledger/internal/handler/handler.go:128.43,131.3 2 1
gopherledger/internal/handler/handler.go:133.2,134.16 2 1
gopherledger/internal/handler/handler.go:134.16,135.43 1 1
gopherledger/internal/handler/handler.go:135.43,138.4 2 1
gopherledger/internal/handler/handler.go:139.3,140.9 2 0
gopherledger/internal/handler/handler.go:143.2,144.30 2 1
gopherledger/internal/handler/handler.go:150.65,152.61 2 1
gopherledger/internal/handler/handler.go:152.61,155.3 2 0
gopherledger/internal/handler/handler.go:157.2,157.43 1 1
gopherledger/internal/handler/handler.go:157.43,160.3 2 0
gopherledger/internal/handler/handler.go:162.2,163.16 2 1
gopherledger/internal/handler/handler.go:163.16,164.90 1 1
gopherledger/internal/handler/handler.go:164.90,167.4 2 1
gopherledger/internal/handler/handler.go:168.3,169.9 2 0
gopherledger/internal/handler/handler.go:172.2,173.30 2 1
gopherledger/internal/handler/handler.go:182.71,184.9 2 1
gopherledger/internal/handler/handler.go:184.9,187.3 2 0
gopherledger/internal/handler/handler.go:189.2,190.16 2 1
gopherledger/internal/handler/handler.go:190.16,193.3 2 0
gopherledger/internal/handler/handler.go:195.2,196.18 2 1
gopherledger/internal/handler/handler.go:196.18,199.3 2 0
gopherledger/internal/handler/handler.go:201.2,202.16 2 1
gopherledger/internal/handler/handler.go:202.16,203.10 1 1
gopherledger/internal/handler/handler.go:204.51,206.10 2 1
gopherledger/internal/handler/handler.go:207.46,209.10 2 1
gopherledger/internal/handler/handler.go:210.47,212.10 2 1
gopherledger/internal/handler/handler.go:213.11,215.10 2 0
gopherledger/internal/handler/handler.go:219.2,219.36 1 1
gopherledger/internal/handler/handler.go:224.69,226.9 2 1
gopherledger/internal/handler/handler.go:226.9,229.3 2 0
gopherledger/internal/handler/handler.go:231.2,232.16 2 1
gopherledger/internal/handler/handler.go:232.16,235.3 2 0
gopherledger/internal/handler/handler.go:237.2,237.22 1 1
gopherledger/internal/handler/handler.go:237.22,240.3 2 1
gopherledger/internal/handler/handler.go:242.2,243.31 2 1
gopherledger/internal/handler/handler.go:243.31,249.50 2 1
gopherledger/internal/handler/handler.go:249.50,252.4 2 1
gopherledger/internal/handler/handler.go:253.3,253.36 1 1
gopherledger/internal/handler/handler.go:256.2,256.39 1 1
gopherledger/internal/handler/handler.go:260.70,262.9 2 1
gopherledger/internal/handler/handler.go:262.9,265.3 2 0
gopherledger/internal/handler/handler.go:267.2,268.16 2 1
gopherledger/internal/handler/handler.go:268.16,271.3 2 0
gopherledger/internal/handler/handler.go:273.2,276.4 1 1
gopherledger/internal/handler/handler.go:283.68,285.9 2 1
gopherledger/internal/handler/handler.go:285.9,288.3 2 0
gopherledger/internal/handler/handler.go:290.2,291.61 2 1
gopherledger/internal/handler/handler.go:291.61,294.3 2 0
gopherledger/internal/handler/handler.go:296.2,296.37 1 1
gopherledger/internal/handler/handler.go:296.37,299.3 2 0
gopherledger/internal/handler/handler.go:301.2,302.16 2 1
gopherledger/internal/handler/handler.go:302.16,303.10 1 1
gopherledger/internal/handler/handler.go:304.52,306.10 2 1
gopherledger/internal/handler/handler.go:307.47,309.10 2 0
gopherledger/internal/handler/handler.go:310.11,312.10 2 0
gopherledger/internal/handler/handler.go:316.2,316.30 1 1
gopherledger/internal/handler/handler.go:321.74,323.9 2 1
gopherledger/internal/handler/handler.go:323.9,326.3 2 0
gopherledger/internal/handler/handler.go:328.2,329.16 2 1
gopherledger/internal/handler/handler.go:329.16,332.3 2 0
gopherledger/internal/handler/handler.go:334.2,334.27 1 1
gopherledger/internal/handler/handler.go:334.27,337.3 2 1
gopherledger/internal/handler/handler.go:339.2,340.41 2 1
gopherledger/internal/handler/handler.go:340.41,346.3 1 1
gopherledger/internal/handler/handler.go:348.2,348.39 1 1
gopherledger/internal/handler/handler.go:363.71,365.9 2 1
gopherledger/internal/handler/handler.go:365.9,368.3 2 0
gopherledger/internal/handler/handler.go:370.2,371.16 2 1
gopherledger/internal/handler/handler.go:371.16,374.3 2 0
gopherledger/internal/handler/handler.go:376.2,377.16 2 1
gopherledger/internal/handler/handler.go:377.16,380.3 2 0
gopherledger/internal/handler/handler.go:382.2,383.16 2 1
gopherledger/internal/handler/handler.go:383.16,386.3 2 0
gopherledger/internal/handler/handler.go:388.2,394.31 6 1
gopherledger/internal/handler/handler.go:394.31,395.23 1 1
gopherledger/internal/handler/handler.go:396.30,397.14 1 0
gopherledger/internal/handler/handler.go:398.37,399.21 1 0
gopherledger/internal/handler/handler.go:400.36,402.33 2 1
gopherledger/internal/handler/handler.go:403.34,404.18 1 1
gopherledger/internal/handler/handler.go:408.2,409.41 2 1
gopherledger/internal/handler/handler.go:409.41,411.3 1 1
gopherledger/internal/handler/handler.go:413.2,425.72 2 1
gopherledger/internal/handler/handler.go:425.72,428.3 2 0
gopherledger/internal/handler/handler.go:430.2,430.30 1 1
gopherledger/internal/handler/handler.go:443.59,447.2 2 1
gopherledger/internal/store/store.go:42.19,51.2 1 1
gopherledger/internal/store/store.go:55.78,60.46 3 1
gopherledger/internal/store/store.go:60.46,62.3 1 1
gopherledger/internal/store/store.go:64.2,83.23 12 1
gopherledger/internal/store/store.go:88.68,94.12 4 1
gopherledger/internal/store/store.go:94.12,96.3 1 1
gopherledger/internal/store/store.go:98.2,99.23 2 1
gopherledger/internal/store/store.go:105.81,109.55 3 1
gopherledger/internal/store/store.go:109.55,110.37 1 1
gopherledger/internal/store/store.go:110.37,112.4 1 1
gopherledger/internal/store/store.go:113.3,113.36 1 1
gopherledger/internal/store/store.go:116.2,131.24 8 1
gopherledger/internal/store/store.go:135.69,140.33 4 1
gopherledger/internal/store/store.go:140.33,141.29 1 1
gopherledger/internal/store/store.go:141.29,143.4 1 1
gopherledger/internal/store/store.go:146.2,146.41 1 1
gopherledger/internal/store/store.go:146.41,148.3 1 0
gopherledger/internal/store/store.go:150.2,150.20 1 1
gopherledger/internal/store/store.go:154.66,159.33 4 1
gopherledger/internal/store/store.go:159.33,160.92 1 1
gopherledger/internal/store/store.go:160.92,162.4 1 1
gopherledger/internal/store/store.go:165.2,165.20 1 1
gopherledger/internal/store/store.go:170.81,173.12 3 1
gopherledger/internal/store/store.go:173.12,176.3 2 0
gopherledger/internal/store/store.go:178.2,183.58 5 1
gopherledger/internal/store/store.go:183.58,186.13 3 1
gopherledger/internal/store/store.go:186.13,189.4 2 0
gopherledger/internal/store/store.go:190.3,191.24 2 1
gopherledger/internal/store/store.go:194.2,194.12 1 1
gopherledger/internal/store/store.go:198.66,203.12 4 1
gopherledger/internal/store/store.go:203.12,205.3 1 0
gopherledger/internal/store/store.go:206.2,206.22 1 1
gopherledger/internal/store/store.go:212.79,218.12 4 1
gopherledger/internal/store/store.go:218.12,221.3 2 0
gopherledger/internal/store/store.go:223.2,223.27 1 1
gopherledger/internal/store/store.go:223.27,225.3 1 1
gopherledger/internal/store/store.go:227.2,248.12 11 1
gopherledger/internal/store/store.go:252.75,257.51 4 1
gopherledger/internal/store/store.go:257.51,259.3 1 1
gopherledger/internal/store/store.go:261.2,261.46 1 1
gopherledger/internal/store/store.go:261.46,263.3 1 0
gopherledger/internal/store/store.go:265.2,265.25 1 1
gopherledger/internal/store/store.go:269.54,274.31 4 1
gopherledger/internal/store/store.go:274.31,276.3 1 1
gopherledger/internal/store/store.go:278.2,278.19 1 1
gopherledger/internal/store/store.go:282.56,287.33 4 1
gopherledger/internal/store/store.go:287.33,289.3 1 1
gopherledger/internal/store/store.go:291.2,291.20 1 1
gopherledger/internal/store/store.go:295.66,300.48 4 1
gopherledger/internal/store/store.go:300.48,301.46 1 1
gopherledger/internal/store/store.go:301.46,303.4 1 1
gopherledger/internal/store/store.go:306.2,306.46 1 1
gopherledger/internal/store/store.go:306.46,308.3 1 0
gopherledger/internal/store/store.go:310.2,310.25 1 1
